// Jest Snapshot v1, https://goo.gl/fbAQLP

exports[`first snapshot test 1`] = `
<div>
  <div
    className="col-sm-12 col-md-9 col-lg-9"
  >
    <form
      action="#"
      className="text-left form-container"
      onReset={[Function]}
      onSubmit={[Function]}
    >
      <div
        class="form-group"
      >
        <label>
          Email address
        </label>
        <input
          className="form-control"
          name="username"
          onChange={[Function]}
          placeholder="Enter email"
          type="email"
          values=""
        />
      </div>
      <div
        class="form-group"
      >
        <label>
          Password
        </label>
        <input
          className="form-control"
          name="password"
          onChange={[Function]}
          placeholder="Enter password"
          type="password"
          values=""
        />
      </div>
      <button
        class="btn btn-primary"
        type="submit"
      >
        Submit
      </button>
    </form>
  </div>
</div>
`;
